== checks/checks.olang ==
ok - every case in checks/cases does what its header says
ok - where a value lands, as whole builds
ok - std/io beside a local io.olang
ok - a file in a remote repository, fetched once into the cache
ok - nothing in a remote import or the lock file is run
ok - objects and symbols are named by what they are built from
ok - a program locked back to an older commit is built from it
ok - -t runs every file it can, whatever another one is
ok - -t goes on past a file the compiler crashed on
ok - a program of many long-named modules links
ok - diagnostics are on one stream, and a crash says so
ok - a module outside the working directory imports its neighbours
ok - a directory groups files and is never a module
ok - a -D value rebuilds only the modules that mention it
ok - -i interprets a program as the built program runs
ok - a program reads its arguments and environment, and uses the file system
ok - os.Exit ends the process with its status
ok - print and println write without try, and abort when the write fails
ok - a failed check says where it is
ok - a proven assert leaves no run-time check
ok - a literal reaching a read-only reference is static data
ok - computed globals are written out as data
ok - a NaN made from bits is written out with its bits
ok - an aggregate is returned through one slot
ok - every numeric primitive has its own alias tags
ok - a private operator works only in its own module
ok - a private protocol method works in its own module, and is an error elsewhere
ok - an enum's payload is held as words
ok - a List is walked run by run, not by At
ok - editing the prelude rebuilds what uses it
ok - nested lambdas and try-catch statements parse in time linear in their depth
ok - nesting is bounded with a diagnostic, never a crash
ok - a function of many local ifs compiles in time linear in their number
ok - the code generator's review fixes, as whole builds
ok - the type checker's review fixes, across modules
ok - the evaluator, the run time and -i agree
ok - a matrix shape that does not fit aborts, or is an error under try
ok - the arena's chunk pool gives memory back beyond its bound
ok - a build is for this machine unless -a names another target
ok - a generic type first reached from another module's signature
ok - every diagnostic's call fits its message, and every rule it names is in the specification
ok - the differential fuzzer finds nothing on its fixed seeds
ok - the scope sanitizer reports a use after a scope closed, and nothing else
ok - os.OnCrash reports a crash on every thread, and os.RunOnStack makes room
44 passed, 0 failed
